error: you are implementing `Iterator` without specializing its `fold` method
  --> $DIR/missing_iterator_fold.rs:5:1
   |
LL | / impl Iterator for Countdown {
LL | |     type Item = u8;
LL | |
LL | |     fn next(&mut self) -> Option<u8> {
...  |
LL | |     }
LL | | }
   | |_^
   |
   = note: `-D clippy::missing-iterator-fold` implied by `-D warnings`
   = help: to override `-D warnings` add `#[allow(clippy::missing_iterator_fold)]`

error: aborting due to 1 previous error

